Archive member included to satisfy reference by file (symbol)

c:/altera/15.0/nios2eds/bin/gnu/h-x86_64-mingw32/bin/../lib/gcc/nios2-elf/4.9.1/../../../../../H-x86_64-mingw32/nios2-elf/lib\libsmallc.a(lib_a-printf.o)
                              obj/default/hello_world.o (printf)
c:/altera/15.0/nios2eds/bin/gnu/h-x86_64-mingw32/bin/../lib/gcc/nios2-elf/4.9.1/../../../../../H-x86_64-mingw32/nios2-elf/lib\libsmallc.a(lib_a-vfprintf.o)
                              c:/altera/15.0/nios2eds/bin/gnu/h-x86_64-mingw32/bin/../lib/gcc/nios2-elf/4.9.1/../../../../../H-x86_64-mingw32/nios2-elf/lib\libsmallc.a(lib_a-printf.o) (___vfprintf_internal_r)
c:/altera/15.0/nios2eds/bin/gnu/h-x86_64-mingw32/bin/../lib/gcc/nios2-elf/4.9.1/../../../../../H-x86_64-mingw32/nios2-elf/lib\libsmallc.a(lib_a-fvwrite_small_dev.o)
                              c:/altera/15.0/nios2eds/bin/gnu/h-x86_64-mingw32/bin/../lib/gcc/nios2-elf/4.9.1/../../../../../H-x86_64-mingw32/nios2-elf/lib\libsmallc.a(lib_a-printf.o) (__sfvwrite_small_dev)
c:/altera/15.0/nios2eds/bin/gnu/h-x86_64-mingw32/bin/../lib/gcc/nios2-elf/4.9.1/../../../../../H-x86_64-mingw32/nios2-elf/lib\libsmallc.a(lib_a-impure.o)
                              c:/altera/15.0/nios2eds/bin/gnu/h-x86_64-mingw32/bin/../lib/gcc/nios2-elf/4.9.1/../../../../../H-x86_64-mingw32/nios2-elf/lib\libsmallc.a(lib_a-printf.o) (_impure_ptr)
c:/altera/15.0/nios2eds/bin/gnu/h-x86_64-mingw32/bin/../lib/gcc/nios2-elf/4.9.1/../../../../../H-x86_64-mingw32/nios2-elf/lib\libsmallc.a(lib_a-strlen.o)
                              c:/altera/15.0/nios2eds/bin/gnu/h-x86_64-mingw32/bin/../lib/gcc/nios2-elf/4.9.1/../../../../../H-x86_64-mingw32/nios2-elf/lib\libsmallc.a(lib_a-vfprintf.o) (strlen)
c:/altera/15.0/nios2eds/bin/gnu/h-x86_64-mingw32/bin/../lib/gcc/nios2-elf/4.9.1/../../../../../H-x86_64-mingw32/nios2-elf/lib\libsmallc.a(lib_a-writer.o)
                              c:/altera/15.0/nios2eds/bin/gnu/h-x86_64-mingw32/bin/../lib/gcc/nios2-elf/4.9.1/../../../../../H-x86_64-mingw32/nios2-elf/lib\libsmallc.a(lib_a-fvwrite_small_dev.o) (_write_r)
c:/altera/15.0/nios2eds/bin/gnu/h-x86_64-mingw32/bin/../lib/gcc/nios2-elf/4.9.1/../../../../../H-x86_64-mingw32/nios2-elf/lib\libsmallc.a(lib_a-int_errno.o)
                              c:/altera/15.0/nios2eds/bin/gnu/h-x86_64-mingw32/bin/../lib/gcc/nios2-elf/4.9.1/../../../../../H-x86_64-mingw32/nios2-elf/lib\libsmallc.a(lib_a-writer.o) (errno)
c:/altera/15.0/nios2eds/bin/gnu/h-x86_64-mingw32/bin/../lib/gcc/nios2-elf/4.9.1\libgcc.a(lib2-divmod.o)
                              c:/altera/15.0/nios2eds/bin/gnu/h-x86_64-mingw32/bin/../lib/gcc/nios2-elf/4.9.1/../../../../../H-x86_64-mingw32/nios2-elf/lib\libsmallc.a(lib_a-vfprintf.o) (__udivsi3)
../sensor_interface_bsp/\libhal_bsp.a(alt_load.o)
                              ../sensor_interface_bsp//obj/HAL/src/crt0.o (alt_load)
../sensor_interface_bsp/\libhal_bsp.a(alt_main.o)
                              ../sensor_interface_bsp//obj/HAL/src/crt0.o (alt_main)
../sensor_interface_bsp/\libhal_bsp.a(alt_usleep.o)
                              obj/default/hello_world.o (usleep)
../sensor_interface_bsp/\libhal_bsp.a(alt_write.o)
                              c:/altera/15.0/nios2eds/bin/gnu/h-x86_64-mingw32/bin/../lib/gcc/nios2-elf/4.9.1/../../../../../H-x86_64-mingw32/nios2-elf/lib\libsmallc.a(lib_a-writer.o) (write)
../sensor_interface_bsp/\libhal_bsp.a(alt_sys_init.o)
                              ../sensor_interface_bsp/\libhal_bsp.a(alt_main.o) (alt_irq_init)
../sensor_interface_bsp/\libhal_bsp.a(altera_avalon_jtag_uart_fd.o)
                              ../sensor_interface_bsp/\libhal_bsp.a(alt_sys_init.o) (altera_avalon_jtag_uart_read_fd)
../sensor_interface_bsp/\libhal_bsp.a(altera_avalon_jtag_uart_read.o)
                              ../sensor_interface_bsp/\libhal_bsp.a(altera_avalon_jtag_uart_fd.o) (altera_avalon_jtag_uart_read)
../sensor_interface_bsp/\libhal_bsp.a(altera_avalon_jtag_uart_write.o)
                              ../sensor_interface_bsp/\libhal_bsp.a(altera_avalon_jtag_uart_fd.o) (altera_avalon_jtag_uart_write)
../sensor_interface_bsp/\libhal_bsp.a(alt_busy_sleep.o)
                              ../sensor_interface_bsp/\libhal_bsp.a(alt_usleep.o) (alt_busy_sleep)
../sensor_interface_bsp/\libhal_bsp.a(alt_close.o)
                              ../sensor_interface_bsp/\libhal_bsp.a(alt_main.o) (close)
../sensor_interface_bsp/\libhal_bsp.a(alt_dcache_flush_all.o)
                              ../sensor_interface_bsp/\libhal_bsp.a(alt_load.o) (alt_dcache_flush_all)
../sensor_interface_bsp/\libhal_bsp.a(alt_dev.o)
                              ../sensor_interface_bsp/\libhal_bsp.a(alt_sys_init.o) (alt_dev_list)
../sensor_interface_bsp/\libhal_bsp.a(alt_dev_llist_insert.o)
                              ../sensor_interface_bsp/\libhal_bsp.a(alt_sys_init.o) (alt_dev_llist_insert)
../sensor_interface_bsp/\libhal_bsp.a(alt_errno.o)
                              ../sensor_interface_bsp/\libhal_bsp.a(alt_write.o) (alt_errno)
../sensor_interface_bsp/\libhal_bsp.a(alt_icache_flush_all.o)
                              ../sensor_interface_bsp/\libhal_bsp.a(alt_load.o) (alt_icache_flush_all)
../sensor_interface_bsp/\libhal_bsp.a(alt_io_redirect.o)
                              ../sensor_interface_bsp/\libhal_bsp.a(alt_main.o) (alt_io_redirect)
../sensor_interface_bsp/\libhal_bsp.a(alt_open.o)
                              ../sensor_interface_bsp/\libhal_bsp.a(alt_io_redirect.o) (open)
../sensor_interface_bsp/\libhal_bsp.a(alt_release_fd.o)
                              ../sensor_interface_bsp/\libhal_bsp.a(alt_close.o) (alt_release_fd)
../sensor_interface_bsp/\libhal_bsp.a(altera_nios2_qsys_irq.o)
                              ../sensor_interface_bsp/\libhal_bsp.a(alt_sys_init.o) (altera_nios2_qsys_irq_init)
../sensor_interface_bsp/\libhal_bsp.a(alt_find_dev.o)
                              ../sensor_interface_bsp/\libhal_bsp.a(alt_open.o) (alt_find_dev)
../sensor_interface_bsp/\libhal_bsp.a(alt_find_file.o)
                              ../sensor_interface_bsp/\libhal_bsp.a(alt_open.o) (alt_find_file)
../sensor_interface_bsp/\libhal_bsp.a(alt_get_fd.o)
                              ../sensor_interface_bsp/\libhal_bsp.a(alt_open.o) (alt_get_fd)
../sensor_interface_bsp/\libhal_bsp.a(alt_icache_flush.o)
                              ../sensor_interface_bsp/\libhal_bsp.a(alt_icache_flush_all.o) (alt_icache_flush)
c:/altera/15.0/nios2eds/bin/gnu/h-x86_64-mingw32/bin/../lib/gcc/nios2-elf/4.9.1/../../../../../H-x86_64-mingw32/nios2-elf/lib\libsmallc.a(lib_a-exit.o)
                              ../sensor_interface_bsp/\libhal_bsp.a(alt_main.o) (exit)
c:/altera/15.0/nios2eds/bin/gnu/h-x86_64-mingw32/bin/../lib/gcc/nios2-elf/4.9.1/../../../../../H-x86_64-mingw32/nios2-elf/lib\libsmallc.a(lib_a-memcmp.o)
                              ../sensor_interface_bsp/\libhal_bsp.a(alt_find_dev.o) (memcmp)
c:/altera/15.0/nios2eds/bin/gnu/h-x86_64-mingw32/bin/../lib/gcc/nios2-elf/4.9.1/../../../../../H-x86_64-mingw32/nios2-elf/lib\libsmallc.a(lib_a-__call_atexit.o)
                              c:/altera/15.0/nios2eds/bin/gnu/h-x86_64-mingw32/bin/../lib/gcc/nios2-elf/4.9.1/../../../../../H-x86_64-mingw32/nios2-elf/lib\libsmallc.a(lib_a-exit.o) (__call_exitprocs)
../sensor_interface_bsp/\libhal_bsp.a(alt_exit.o)
                              c:/altera/15.0/nios2eds/bin/gnu/h-x86_64-mingw32/bin/../lib/gcc/nios2-elf/4.9.1/../../../../../H-x86_64-mingw32/nios2-elf/lib\libsmallc.a(lib_a-exit.o) (_exit)

Allocating common symbols
Common symbol       size              file

errno               0x4               c:/altera/15.0/nios2eds/bin/gnu/h-x86_64-mingw32/bin/../lib/gcc/nios2-elf/4.9.1/../../../../../H-x86_64-mingw32/nios2-elf/lib\libsmallc.a(lib_a-int_errno.o)

Memory Configuration

Name             Origin             Length             Attributes
reset            0x0000000000010000 0x0000000000000020
onchip_mem       0x0000000000010020 0x000000000000a3f0
*default*        0x0000000000000000 0xffffffffffffffff

Linker script and memory map

LOAD ../sensor_interface_bsp//obj/HAL/src/crt0.o
LOAD obj/default/hello_world.o
LOAD c:/altera/15.0/nios2eds/bin/gnu/h-x86_64-mingw32/bin/../lib/gcc/nios2-elf/4.9.1/../../../../../H-x86_64-mingw32/nios2-elf/lib\libstdc++.a
LOAD c:/altera/15.0/nios2eds/bin/gnu/h-x86_64-mingw32/bin/../lib/gcc/nios2-elf/4.9.1/../../../../../H-x86_64-mingw32/nios2-elf/lib\libm.a
LOAD c:/altera/15.0/nios2eds/bin/gnu/h-x86_64-mingw32/bin/../lib/gcc/nios2-elf/4.9.1\libgcc.a
START GROUP
LOAD c:/altera/15.0/nios2eds/bin/gnu/h-x86_64-mingw32/bin/../lib/gcc/nios2-elf/4.9.1/../../../../../H-x86_64-mingw32/nios2-elf/lib\libsmallc.a
LOAD c:/altera/15.0/nios2eds/bin/gnu/h-x86_64-mingw32/bin/../lib/gcc/nios2-elf/4.9.1\libgcc.a
LOAD ../sensor_interface_bsp/\libhal_bsp.a
LOAD c:/altera/15.0/nios2eds/bin/gnu/h-x86_64-mingw32/bin/../lib/gcc/nios2-elf/4.9.1/../../../../../H-x86_64-mingw32/nios2-elf/lib\libm.a
END GROUP
LOAD c:/altera/15.0/nios2eds/bin/gnu/h-x86_64-mingw32/bin/../lib/gcc/nios2-elf/4.9.1\libgcc.a
                0x0000000000010000                __alt_mem_onchip_mem = 0x10000

.entry          0x0000000000010000       0x20
 *(.entry)
 .entry         0x0000000000010000       0x20 ../sensor_interface_bsp//obj/HAL/src/crt0.o
                0x0000000000010000                __reset

.exceptions     0x0000000000010020        0x0
                0x0000000000010020                PROVIDE (__ram_exceptions_start, ABSOLUTE (.))
                0x0000000000010020                . = ALIGN (0x20)
 *(.irq)
 *(.exceptions.entry.label)
 *(.exceptions.entry.user)
 *(.exceptions.entry.ecc_fatal)
 *(.exceptions.entry)
 *(.exceptions.irqtest.user)
 *(.exceptions.irqtest)
 *(.exceptions.irqhandler.user)
 *(.exceptions.irqhandler)
 *(.exceptions.irqreturn.user)
 *(.exceptions.irqreturn)
 *(.exceptions.notirq.label)
 *(.exceptions.notirq.user)
 *(.exceptions.notirq)
 *(.exceptions.soft.user)
 *(.exceptions.soft)
 *(.exceptions.unknown.user)
 *(.exceptions.unknown)
 *(.exceptions.exit.label)
 *(.exceptions.exit.user)
 *(.exceptions.exit)
 *(.exceptions)
                0x0000000000010020                PROVIDE (__ram_exceptions_end, ABSOLUTE (.))
                0x0000000000010020                PROVIDE (__flash_exceptions_start, LOADADDR (.exceptions))

.text           0x0000000000010020     0x1f90
                0x0000000000010020                PROVIDE (stext, ABSOLUTE (.))
 *(.interp)
 *(.hash)
 *(.dynsym)
 *(.dynstr)
 *(.gnu.version)
 *(.gnu.version_d)
 *(.gnu.version_r)
 *(.rel.init)
 *(.rela.init)
 *(.rel.text .rel.text.* .rel.gnu.linkonce.t.*)
 *(.rela.text .rela.text.* .rela.gnu.linkonce.t.*)
 *(.rel.fini)
 *(.rela.fini)
 *(.rel.rodata .rel.rodata.* .rel.gnu.linkonce.r.*)
 *(.rela.rodata .rela.rodata.* .rela.gnu.linkonce.r.*)
 *(.rel.data .rel.data.* .rel.gnu.linkonce.d.*)
 *(.rela.data .rela.data.* .rela.gnu.linkonce.d.*)
 *(.rel.tdata .rel.tdata.* .rel.gnu.linkonce.td.*)
 *(.rela.tdata .rela.tdata.* .rela.gnu.linkonce.td.*)
 *(.rel.tbss .rel.tbss.* .rel.gnu.linkonce.tb.*)
 *(.rela.tbss .rela.tbss.* .rela.gnu.linkonce.tb.*)
 *(.rel.ctors)
 *(.rela.ctors)
 *(.rel.dtors)
 *(.rela.dtors)
 *(.rel.got)
 *(.rela.got)
 *(.rel.sdata .rel.sdata.* .rel.gnu.linkonce.s.*)
 *(.rela.sdata .rela.sdata.* .rela.gnu.linkonce.s.*)
 *(.rel.sbss .rel.sbss.* .rel.gnu.linkonce.sb.*)
 *(.rela.sbss .rela.sbss.* .rela.gnu.linkonce.sb.*)
 *(.rel.sdata2 .rel.sdata2.* .rel.gnu.linkonce.s2.*)
 *(.rela.sdata2 .rela.sdata2.* .rela.gnu.linkonce.s2.*)
 *(.rel.sbss2 .rel.sbss2.* .rel.gnu.linkonce.sb2.*)
 *(.rela.sbss2 .rela.sbss2.* .rela.gnu.linkonce.sb2.*)
 *(.rel.bss .rel.bss.* .rel.gnu.linkonce.b.*)
 *(.rela.bss .rela.bss.* .rela.gnu.linkonce.b.*)
 *(.rel.plt)
 *(.rela.plt)
 *(.rel.dyn)
 *(.init)
 *(.plt)
 *(.text .stub .text.* .gnu.linkonce.t.*)
 .text          0x0000000000010020       0x3c ../sensor_interface_bsp//obj/HAL/src/crt0.o
                0x0000000000010020                _start
 .text          0x000000000001005c      0x3f8 obj/default/hello_world.o
                0x000000000001005c                main
                0x0000000000010118                SPI_write16
                0x0000000000010164                SPI_read16
                0x00000000000101f0                get_sensor_value
                0x00000000000102d0                get_all_sensor_values
                0x0000000000010344                print_all_sensor_values
                0x00000000000103b8                altera_avalon_temp_sensor_config
                0x000000000001042c                altera_avalon_temp_sensor_read_temperature
 .text          0x0000000000010454       0x88 c:/altera/15.0/nios2eds/bin/gnu/h-x86_64-mingw32/bin/../lib/gcc/nios2-elf/4.9.1/../../../../../H-x86_64-mingw32/nios2-elf/lib\libsmallc.a(lib_a-printf.o)
                0x0000000000010454                _printf_r
                0x0000000000010490                printf
 .text          0x00000000000104dc      0x5d4 c:/altera/15.0/nios2eds/bin/gnu/h-x86_64-mingw32/bin/../lib/gcc/nios2-elf/4.9.1/../../../../../H-x86_64-mingw32/nios2-elf/lib\libsmallc.a(lib_a-vfprintf.o)
                0x0000000000010548                ___vfprintf_internal_r
                0x0000000000010a8c                __vfprintf_internal
 .text          0x0000000000010ab0       0xac c:/altera/15.0/nios2eds/bin/gnu/h-x86_64-mingw32/bin/../lib/gcc/nios2-elf/4.9.1/../../../../../H-x86_64-mingw32/nios2-elf/lib\libsmallc.a(lib_a-fvwrite_small_dev.o)
                0x0000000000010ab0                __sfvwrite_small_dev
 .text          0x0000000000010b5c        0x0 c:/altera/15.0/nios2eds/bin/gnu/h-x86_64-mingw32/bin/../lib/gcc/nios2-elf/4.9.1/../../../../../H-x86_64-mingw32/nios2-elf/lib\libsmallc.a(lib_a-impure.o)
 .text          0x0000000000010b5c       0x1c c:/altera/15.0/nios2eds/bin/gnu/h-x86_64-mingw32/bin/../lib/gcc/nios2-elf/4.9.1/../../../../../H-x86_64-mingw32/nios2-elf/lib\libsmallc.a(lib_a-strlen.o)
                0x0000000000010b5c                strlen
 .text          0x0000000000010b78       0x58 c:/altera/15.0/nios2eds/bin/gnu/h-x86_64-mingw32/bin/../lib/gcc/nios2-elf/4.9.1/../../../../../H-x86_64-mingw32/nios2-elf/lib\libsmallc.a(lib_a-writer.o)
                0x0000000000010b78                _write_r
 .text          0x0000000000010bd0        0x0 c:/altera/15.0/nios2eds/bin/gnu/h-x86_64-mingw32/bin/../lib/gcc/nios2-elf/4.9.1/../../../../../H-x86_64-mingw32/nios2-elf/lib\libsmallc.a(lib_a-int_errno.o)
 .text          0x0000000000010bd0      0x12c c:/altera/15.0/nios2eds/bin/gnu/h-x86_64-mingw32/bin/../lib/gcc/nios2-elf/4.9.1\libgcc.a(lib2-divmod.o)
                0x0000000000010c3c                __divsi3
                0x0000000000010c90                __modsi3
                0x0000000000010cec                __udivsi3
                0x0000000000010cf4                __umodsi3
 .text          0x0000000000010cfc       0xe4 ../sensor_interface_bsp/\libhal_bsp.a(alt_load.o)
                0x0000000000010d60                alt_load
 .text          0x0000000000010de0       0x68 ../sensor_interface_bsp/\libhal_bsp.a(alt_main.o)
                0x0000000000010de0                alt_main
 .text          0x0000000000010e48       0x30 ../sensor_interface_bsp/\libhal_bsp.a(alt_usleep.o)
                0x0000000000010e48                usleep
 .text          0x0000000000010e78      0x148 ../sensor_interface_bsp/\libhal_bsp.a(alt_write.o)
                0x0000000000010ec8                write
 .text          0x0000000000010fc0       0xa4 ../sensor_interface_bsp/\libhal_bsp.a(alt_sys_init.o)
                0x0000000000010ff8                alt_irq_init
                0x000000000001102c                alt_sys_init
 .text          0x0000000000011064       0xc0 ../sensor_interface_bsp/\libhal_bsp.a(altera_avalon_jtag_uart_fd.o)
                0x0000000000011064                altera_avalon_jtag_uart_read_fd
                0x00000000000110c4                altera_avalon_jtag_uart_write_fd
 .text          0x0000000000011124       0xe4 ../sensor_interface_bsp/\libhal_bsp.a(altera_avalon_jtag_uart_read.o)
                0x0000000000011124                altera_avalon_jtag_uart_read
 .text          0x0000000000011208       0x94 ../sensor_interface_bsp/\libhal_bsp.a(altera_avalon_jtag_uart_write.o)
                0x0000000000011208                altera_avalon_jtag_uart_write
 .text          0x000000000001129c      0x158 ../sensor_interface_bsp/\libhal_bsp.a(alt_busy_sleep.o)
                0x000000000001129c                alt_busy_sleep
 .text          0x00000000000113f4      0x120 ../sensor_interface_bsp/\libhal_bsp.a(alt_close.o)
                0x0000000000011444                close
 .text          0x0000000000011514       0x1c ../sensor_interface_bsp/\libhal_bsp.a(alt_dcache_flush_all.o)
                0x0000000000011514                alt_dcache_flush_all
 .text          0x0000000000011530       0x2c ../sensor_interface_bsp/\libhal_bsp.a(alt_dev.o)
 .text          0x000000000001155c       0xf4 ../sensor_interface_bsp/\libhal_bsp.a(alt_dev_llist_insert.o)
                0x00000000000115ac                alt_dev_llist_insert
 .text          0x0000000000011650        0x0 ../sensor_interface_bsp/\libhal_bsp.a(alt_errno.o)
 .text          0x0000000000011650       0x30 ../sensor_interface_bsp/\libhal_bsp.a(alt_icache_flush_all.o)
                0x0000000000011650                alt_icache_flush_all
 .text          0x0000000000011680      0x138 ../sensor_interface_bsp/\libhal_bsp.a(alt_io_redirect.o)
                0x0000000000011740                alt_io_redirect
 .text          0x00000000000117b8      0x274 ../sensor_interface_bsp/\libhal_bsp.a(alt_open.o)
                0x00000000000118d4                open
 .text          0x0000000000011a2c       0x60 ../sensor_interface_bsp/\libhal_bsp.a(alt_release_fd.o)
                0x0000000000011a2c                alt_release_fd
 .text          0x0000000000011a8c       0x20 ../sensor_interface_bsp/\libhal_bsp.a(altera_nios2_qsys_irq.o)
                0x0000000000011a8c                altera_nios2_qsys_irq_init
 .text          0x0000000000011aac       0x90 ../sensor_interface_bsp/\libhal_bsp.a(alt_find_dev.o)
                0x0000000000011aac                alt_find_dev
 .text          0x0000000000011b3c      0x114 ../sensor_interface_bsp/\libhal_bsp.a(alt_find_file.o)
                0x0000000000011b3c                alt_find_file
 .text          0x0000000000011c50       0xb4 ../sensor_interface_bsp/\libhal_bsp.a(alt_get_fd.o)
                0x0000000000011c50                alt_get_fd
 .text          0x0000000000011d04       0x8c ../sensor_interface_bsp/\libhal_bsp.a(alt_icache_flush.o)
                0x0000000000011d04                alt_icache_flush
 .text          0x0000000000011d90       0x20 c:/altera/15.0/nios2eds/bin/gnu/h-x86_64-mingw32/bin/../lib/gcc/nios2-elf/4.9.1/../../../../../H-x86_64-mingw32/nios2-elf/lib\libsmallc.a(lib_a-exit.o)
                0x0000000000011d90                exit
 .text          0x0000000000011db0       0x30 c:/altera/15.0/nios2eds/bin/gnu/h-x86_64-mingw32/bin/../lib/gcc/nios2-elf/4.9.1/../../../../../H-x86_64-mingw32/nios2-elf/lib\libsmallc.a(lib_a-memcmp.o)
                0x0000000000011db0                memcmp
 .text          0x0000000000011de0      0x19c c:/altera/15.0/nios2eds/bin/gnu/h-x86_64-mingw32/bin/../lib/gcc/nios2-elf/4.9.1/../../../../../H-x86_64-mingw32/nios2-elf/lib\libsmallc.a(lib_a-__call_atexit.o)
                0x0000000000011de0                __call_exitprocs
 .text          0x0000000000011f7c       0x34 ../sensor_interface_bsp/\libhal_bsp.a(alt_exit.o)
                0x0000000000011f7c                _exit
 *(.gnu.warning.*)
 *(.fini)
                0x0000000000011fb0                PROVIDE (__etext, ABSOLUTE (.))
                0x0000000000011fb0                PROVIDE (_etext, ABSOLUTE (.))
                0x0000000000011fb0                PROVIDE (etext, ABSOLUTE (.))
 *(.eh_frame_hdr)
                0x0000000000011fb0                . = ALIGN (0x4)
                0x0000000000011fb0                PROVIDE (__preinit_array_start, ABSOLUTE (.))
 *(.preinit_array)
                0x0000000000011fb0                PROVIDE (__preinit_array_end, ABSOLUTE (.))
                0x0000000000011fb0                PROVIDE (__init_array_start, ABSOLUTE (.))
 *(.init_array)
                0x0000000000011fb0                PROVIDE (__init_array_end, ABSOLUTE (.))
                0x0000000000011fb0                PROVIDE (__fini_array_start, ABSOLUTE (.))
 *(.fini_array)
                0x0000000000011fb0                PROVIDE (__fini_array_end, ABSOLUTE (.))
 *(.eh_frame)
 *(.gcc_except_table .gcc_except_table.*)
 *(.dynamic)
                0x0000000000011fb0                PROVIDE (__CTOR_LIST__, ABSOLUTE (.))
 *(.ctors)
 *(SORT(.ctors.*))
                0x0000000000011fb0                PROVIDE (__CTOR_END__, ABSOLUTE (.))
                0x0000000000011fb0                PROVIDE (__DTOR_LIST__, ABSOLUTE (.))
 *(.dtors)
 *(SORT(.dtors.*))
                0x0000000000011fb0                PROVIDE (__DTOR_END__, ABSOLUTE (.))
 *(.jcr)
                0x0000000000011fb0                . = ALIGN (0x4)

.rodata         0x0000000000011fb0       0x90
                0x0000000000011fb0                PROVIDE (__ram_rodata_start, ABSOLUTE (.))
                0x0000000000011fb0                . = ALIGN (0x4)
 *(.rodata .rodata.* .gnu.linkonce.r.*)
 .rodata        0x0000000000011fb0       0x64 obj/default/hello_world.o
 .rodata        0x0000000000012014       0x10 ../sensor_interface_bsp/\libhal_bsp.a(alt_main.o)
 .rodata        0x0000000000012024       0x10 ../sensor_interface_bsp/\libhal_bsp.a(alt_sys_init.o)
 .rodata        0x0000000000012034        0xc ../sensor_interface_bsp/\libhal_bsp.a(alt_dev.o)
 *(.rodata1)
                0x0000000000012040                . = ALIGN (0x4)
                0x0000000000012040                PROVIDE (__ram_rodata_end, ABSOLUTE (.))
                0x0000000000011fb0                PROVIDE (__flash_rodata_start, LOADADDR (.rodata))

.rwdata         0x0000000000012040      0x2d4 load address 0x0000000000012314
                0x0000000000012040                PROVIDE (__ram_rwdata_start, ABSOLUTE (.))
                0x0000000000012040                . = ALIGN (0x4)
 *(.got.plt)
 *(.got)
 *(.data1)
 *(.data .data.* .gnu.linkonce.d.*)
 .data          0x0000000000012040        0x0 ../sensor_interface_bsp//obj/HAL/src/crt0.o
 .data          0x0000000000012040        0x0 obj/default/hello_world.o
 .data          0x0000000000012040        0x0 c:/altera/15.0/nios2eds/bin/gnu/h-x86_64-mingw32/bin/../lib/gcc/nios2-elf/4.9.1/../../../../../H-x86_64-mingw32/nios2-elf/lib\libsmallc.a(lib_a-printf.o)
 .data          0x0000000000012040        0x0 c:/altera/15.0/nios2eds/bin/gnu/h-x86_64-mingw32/bin/../lib/gcc/nios2-elf/4.9.1/../../../../../H-x86_64-mingw32/nios2-elf/lib\libsmallc.a(lib_a-vfprintf.o)
 .data          0x0000000000012040        0x0 c:/altera/15.0/nios2eds/bin/gnu/h-x86_64-mingw32/bin/../lib/gcc/nios2-elf/4.9.1/../../../../../H-x86_64-mingw32/nios2-elf/lib\libsmallc.a(lib_a-fvwrite_small_dev.o)
 .data          0x0000000000012040       0xe0 c:/altera/15.0/nios2eds/bin/gnu/h-x86_64-mingw32/bin/../lib/gcc/nios2-elf/4.9.1/../../../../../H-x86_64-mingw32/nios2-elf/lib\libsmallc.a(lib_a-impure.o)
 .data          0x0000000000012120        0x0 c:/altera/15.0/nios2eds/bin/gnu/h-x86_64-mingw32/bin/../lib/gcc/nios2-elf/4.9.1/../../../../../H-x86_64-mingw32/nios2-elf/lib\libsmallc.a(lib_a-strlen.o)
 .data          0x0000000000012120        0x0 c:/altera/15.0/nios2eds/bin/gnu/h-x86_64-mingw32/bin/../lib/gcc/nios2-elf/4.9.1/../../../../../H-x86_64-mingw32/nios2-elf/lib\libsmallc.a(lib_a-writer.o)
 .data          0x0000000000012120        0x0 c:/altera/15.0/nios2eds/bin/gnu/h-x86_64-mingw32/bin/../lib/gcc/nios2-elf/4.9.1/../../../../../H-x86_64-mingw32/nios2-elf/lib\libsmallc.a(lib_a-int_errno.o)
 .data          0x0000000000012120        0x0 c:/altera/15.0/nios2eds/bin/gnu/h-x86_64-mingw32/bin/../lib/gcc/nios2-elf/4.9.1\libgcc.a(lib2-divmod.o)
 .data          0x0000000000012120        0x0 ../sensor_interface_bsp/\libhal_bsp.a(alt_load.o)
 .data          0x0000000000012120        0x0 ../sensor_interface_bsp/\libhal_bsp.a(alt_main.o)
 .data          0x0000000000012120        0x0 ../sensor_interface_bsp/\libhal_bsp.a(alt_usleep.o)
 .data          0x0000000000012120        0x0 ../sensor_interface_bsp/\libhal_bsp.a(alt_write.o)
 .data          0x0000000000012120       0x2c ../sensor_interface_bsp/\libhal_bsp.a(alt_sys_init.o)
 .data          0x000000000001214c        0x0 ../sensor_interface_bsp/\libhal_bsp.a(altera_avalon_jtag_uart_fd.o)
 .data          0x000000000001214c        0x0 ../sensor_interface_bsp/\libhal_bsp.a(altera_avalon_jtag_uart_read.o)
 .data          0x000000000001214c        0x0 ../sensor_interface_bsp/\libhal_bsp.a(altera_avalon_jtag_uart_write.o)
 .data          0x000000000001214c        0x0 ../sensor_interface_bsp/\libhal_bsp.a(alt_busy_sleep.o)
 .data          0x000000000001214c        0x0 ../sensor_interface_bsp/\libhal_bsp.a(alt_close.o)
 .data          0x000000000001214c        0x0 ../sensor_interface_bsp/\libhal_bsp.a(alt_dcache_flush_all.o)
 .data          0x000000000001214c      0x1a8 ../sensor_interface_bsp/\libhal_bsp.a(alt_dev.o)
                0x000000000001214c                alt_dev_null
                0x0000000000012174                alt_fd_list
 .data          0x00000000000122f4        0x0 ../sensor_interface_bsp/\libhal_bsp.a(alt_dev_llist_insert.o)
 .data          0x00000000000122f4        0x0 ../sensor_interface_bsp/\libhal_bsp.a(alt_errno.o)
 .data          0x00000000000122f4        0x0 ../sensor_interface_bsp/\libhal_bsp.a(alt_icache_flush_all.o)
 .data          0x00000000000122f4        0x0 ../sensor_interface_bsp/\libhal_bsp.a(alt_io_redirect.o)
 .data          0x00000000000122f4        0x0 ../sensor_interface_bsp/\libhal_bsp.a(alt_open.o)
 .data          0x00000000000122f4        0x0 ../sensor_interface_bsp/\libhal_bsp.a(alt_release_fd.o)
 .data          0x00000000000122f4        0x0 ../sensor_interface_bsp/\libhal_bsp.a(altera_nios2_qsys_irq.o)
 .data          0x00000000000122f4        0x0 ../sensor_interface_bsp/\libhal_bsp.a(alt_find_dev.o)
 .data          0x00000000000122f4        0x0 ../sensor_interface_bsp/\libhal_bsp.a(alt_find_file.o)
 .data          0x00000000000122f4        0x0 ../sensor_interface_bsp/\libhal_bsp.a(alt_get_fd.o)
 .data          0x00000000000122f4        0x0 ../sensor_interface_bsp/\libhal_bsp.a(alt_icache_flush.o)
 .data          0x00000000000122f4        0x0 c:/altera/15.0/nios2eds/bin/gnu/h-x86_64-mingw32/bin/../lib/gcc/nios2-elf/4.9.1/../../../../../H-x86_64-mingw32/nios2-elf/lib\libsmallc.a(lib_a-exit.o)
 .data          0x00000000000122f4        0x0 c:/altera/15.0/nios2eds/bin/gnu/h-x86_64-mingw32/bin/../lib/gcc/nios2-elf/4.9.1/../../../../../H-x86_64-mingw32/nios2-elf/lib\libsmallc.a(lib_a-memcmp.o)
 .data          0x00000000000122f4        0x0 c:/altera/15.0/nios2eds/bin/gnu/h-x86_64-mingw32/bin/../lib/gcc/nios2-elf/4.9.1/../../../../../H-x86_64-mingw32/nios2-elf/lib\libsmallc.a(lib_a-__call_atexit.o)
 .data          0x00000000000122f4        0x0 ../sensor_interface_bsp/\libhal_bsp.a(alt_exit.o)
                0x000000000001a2f4                _gp = ABSOLUTE ((. + 0x8000))
                0x000000000001a2f4                PROVIDE (gp, _gp)
 *(.rwdata .rwdata.*)
 *(.sdata .sdata.* .gnu.linkonce.s.*)
 .sdata         0x00000000000122f4        0x8 c:/altera/15.0/nios2eds/bin/gnu/h-x86_64-mingw32/bin/../lib/gcc/nios2-elf/4.9.1/../../../../../H-x86_64-mingw32/nios2-elf/lib\libsmallc.a(lib_a-impure.o)
                0x00000000000122f4                _global_impure_ptr
                0x00000000000122f8                _impure_ptr
 .sdata         0x00000000000122fc       0x14 ../sensor_interface_bsp/\libhal_bsp.a(alt_dev.o)
                0x00000000000122fc                alt_fs_list
                0x0000000000012304                alt_dev_list
                0x000000000001230c                alt_max_fd
 .sdata         0x0000000000012310        0x4 ../sensor_interface_bsp/\libhal_bsp.a(alt_errno.o)
                0x0000000000012310                alt_errno
 *(.sdata2 .sdata2.* .gnu.linkonce.s2.*)
                0x0000000000012314                . = ALIGN (0x4)
                0x0000000000012314                _edata = ABSOLUTE (.)
                0x0000000000012314                PROVIDE (edata, ABSOLUTE (.))
                0x0000000000012314                PROVIDE (__ram_rwdata_end, ABSOLUTE (.))
                0x0000000000012314                PROVIDE (__flash_rwdata_start, LOADADDR (.rwdata))

.bss            0x00000000000125e8       0x10
                0x00000000000125e8                __bss_start = ABSOLUTE (.)
                0x00000000000125e8                PROVIDE (__sbss_start, ABSOLUTE (.))
                0x00000000000125e8                PROVIDE (___sbss_start, ABSOLUTE (.))
 *(.dynsbss)
 *(.sbss .sbss.* .gnu.linkonce.sb.*)
 .sbss          0x00000000000125e8        0x4 c:/altera/15.0/nios2eds/bin/gnu/h-x86_64-mingw32/bin/../lib/gcc/nios2-elf/4.9.1/../../../../../H-x86_64-mingw32/nios2-elf/lib\libsmallc.a(lib_a-int_errno.o)
                0x00000000000125e8                errno
 .sbss          0x00000000000125ec        0xc ../sensor_interface_bsp/\libhal_bsp.a(alt_main.o)
                0x00000000000125ec                alt_argc
                0x00000000000125f0                alt_argv
                0x00000000000125f4                alt_envp
 *(.sbss2 .sbss2.* .gnu.linkonce.sb2.*)
 *(.scommon)
                0x00000000000125f8                PROVIDE (__sbss_end, ABSOLUTE (.))
                0x00000000000125f8                PROVIDE (___sbss_end, ABSOLUTE (.))
 *(.dynbss)
 *(.bss .bss.* .gnu.linkonce.b.*)
 .bss           0x00000000000125f8        0x0 ../sensor_interface_bsp//obj/HAL/src/crt0.o
 .bss           0x00000000000125f8        0x0 obj/default/hello_world.o
 .bss           0x00000000000125f8        0x0 c:/altera/15.0/nios2eds/bin/gnu/h-x86_64-mingw32/bin/../lib/gcc/nios2-elf/4.9.1/../../../../../H-x86_64-mingw32/nios2-elf/lib\libsmallc.a(lib_a-printf.o)
 .bss           0x00000000000125f8        0x0 c:/altera/15.0/nios2eds/bin/gnu/h-x86_64-mingw32/bin/../lib/gcc/nios2-elf/4.9.1/../../../../../H-x86_64-mingw32/nios2-elf/lib\libsmallc.a(lib_a-vfprintf.o)
 .bss           0x00000000000125f8        0x0 c:/altera/15.0/nios2eds/bin/gnu/h-x86_64-mingw32/bin/../lib/gcc/nios2-elf/4.9.1/../../../../../H-x86_64-mingw32/nios2-elf/lib\libsmallc.a(lib_a-fvwrite_small_dev.o)
 .bss           0x00000000000125f8        0x0 c:/altera/15.0/nios2eds/bin/gnu/h-x86_64-mingw32/bin/../lib/gcc/nios2-elf/4.9.1/../../../../../H-x86_64-mingw32/nios2-elf/lib\libsmallc.a(lib_a-impure.o)
 .bss           0x00000000000125f8        0x0 c:/altera/15.0/nios2eds/bin/gnu/h-x86_64-mingw32/bin/../lib/gcc/nios2-elf/4.9.1/../../../../../H-x86_64-mingw32/nios2-elf/lib\libsmallc.a(lib_a-strlen.o)
 .bss           0x00000000000125f8        0x0 c:/altera/15.0/nios2eds/bin/gnu/h-x86_64-mingw32/bin/../lib/gcc/nios2-elf/4.9.1/../../../../../H-x86_64-mingw32/nios2-elf/lib\libsmallc.a(lib_a-writer.o)
 .bss           0x00000000000125f8        0x0 c:/altera/15.0/nios2eds/bin/gnu/h-x86_64-mingw32/bin/../lib/gcc/nios2-elf/4.9.1/../../../../../H-x86_64-mingw32/nios2-elf/lib\libsmallc.a(lib_a-int_errno.o)
 .bss           0x00000000000125f8        0x0 c:/altera/15.0/nios2eds/bin/gnu/h-x86_64-mingw32/bin/../lib/gcc/nios2-elf/4.9.1\libgcc.a(lib2-divmod.o)
 .bss           0x00000000000125f8        0x0 ../sensor_interface_bsp/\libhal_bsp.a(alt_load.o)
 .bss           0x00000000000125f8        0x0 ../sensor_interface_bsp/\libhal_bsp.a(alt_main.o)
 .bss           0x00000000000125f8        0x0 ../sensor_interface_bsp/\libhal_bsp.a(alt_usleep.o)
 .bss           0x00000000000125f8        0x0 ../sensor_interface_bsp/\libhal_bsp.a(alt_write.o)
 .bss           0x00000000000125f8        0x0 ../sensor_interface_bsp/\libhal_bsp.a(alt_sys_init.o)
 .bss           0x00000000000125f8        0x0 ../sensor_interface_bsp/\libhal_bsp.a(altera_avalon_jtag_uart_fd.o)
 .bss           0x00000000000125f8        0x0 ../sensor_interface_bsp/\libhal_bsp.a(altera_avalon_jtag_uart_read.o)
 .bss           0x00000000000125f8        0x0 ../sensor_interface_bsp/\libhal_bsp.a(altera_avalon_jtag_uart_write.o)
 .bss           0x00000000000125f8        0x0 ../sensor_interface_bsp/\libhal_bsp.a(alt_busy_sleep.o)
 .bss           0x00000000000125f8        0x0 ../sensor_interface_bsp/\libhal_bsp.a(alt_close.o)
 .bss           0x00000000000125f8        0x0 ../sensor_interface_bsp/\libhal_bsp.a(alt_dcache_flush_all.o)
 .bss           0x00000000000125f8        0x0 ../sensor_interface_bsp/\libhal_bsp.a(alt_dev.o)
 .bss           0x00000000000125f8        0x0 ../sensor_interface_bsp/\libhal_bsp.a(alt_dev_llist_insert.o)
 .bss           0x00000000000125f8        0x0 ../sensor_interface_bsp/\libhal_bsp.a(alt_errno.o)
 .bss           0x00000000000125f8        0x0 ../sensor_interface_bsp/\libhal_bsp.a(alt_icache_flush_all.o)
 .bss           0x00000000000125f8        0x0 ../sensor_interface_bsp/\libhal_bsp.a(alt_io_redirect.o)
 .bss           0x00000000000125f8        0x0 ../sensor_interface_bsp/\libhal_bsp.a(alt_open.o)
 .bss           0x00000000000125f8        0x0 ../sensor_interface_bsp/\libhal_bsp.a(alt_release_fd.o)
 .bss           0x00000000000125f8        0x0 ../sensor_interface_bsp/\libhal_bsp.a(altera_nios2_qsys_irq.o)
 .bss           0x00000000000125f8        0x0 ../sensor_interface_bsp/\libhal_bsp.a(alt_find_dev.o)
 .bss           0x00000000000125f8        0x0 ../sensor_interface_bsp/\libhal_bsp.a(alt_find_file.o)
 .bss           0x00000000000125f8        0x0 ../sensor_interface_bsp/\libhal_bsp.a(alt_get_fd.o)
 .bss           0x00000000000125f8        0x0 ../sensor_interface_bsp/\libhal_bsp.a(alt_icache_flush.o)
 .bss           0x00000000000125f8        0x0 c:/altera/15.0/nios2eds/bin/gnu/h-x86_64-mingw32/bin/../lib/gcc/nios2-elf/4.9.1/../../../../../H-x86_64-mingw32/nios2-elf/lib\libsmallc.a(lib_a-exit.o)
 .bss           0x00000000000125f8        0x0 c:/altera/15.0/nios2eds/bin/gnu/h-x86_64-mingw32/bin/../lib/gcc/nios2-elf/4.9.1/../../../../../H-x86_64-mingw32/nios2-elf/lib\libsmallc.a(lib_a-memcmp.o)
 .bss           0x00000000000125f8        0x0 c:/altera/15.0/nios2eds/bin/gnu/h-x86_64-mingw32/bin/../lib/gcc/nios2-elf/4.9.1/../../../../../H-x86_64-mingw32/nios2-elf/lib\libsmallc.a(lib_a-__call_atexit.o)
 .bss           0x00000000000125f8        0x0 ../sensor_interface_bsp/\libhal_bsp.a(alt_exit.o)
 *(COMMON)
                0x00000000000125f8                . = ALIGN (0x4)
                0x00000000000125f8                __bss_end = ABSOLUTE (.)

.onchip_mem     0x00000000000125f8        0x0
                0x00000000000125f8                PROVIDE (_alt_partition_onchip_mem_start, ABSOLUTE (.))
 *(.onchip_mem .onchip_mem. onchip_mem.*)
                0x00000000000125f8                . = ALIGN (0x4)
                0x00000000000125f8                PROVIDE (_alt_partition_onchip_mem_end, ABSOLUTE (.))
                0x00000000000125f8                _end = ABSOLUTE (.)
                0x00000000000125f8                end = ABSOLUTE (.)
                0x00000000000125f8                __alt_stack_base = ABSOLUTE (.)
                0x00000000000125f8                PROVIDE (_alt_partition_onchip_mem_load_addr, LOADADDR (.onchip_mem))

.stab
 *(.stab)

.stabstr
 *(.stabstr)

.stab.excl
 *(.stab.excl)

.stab.exclstr
 *(.stab.exclstr)

.stab.index
 *(.stab.index)

.stab.indexstr
 *(.stab.indexstr)

.comment        0x0000000000000000       0x23
 *(.comment)
 .comment       0x0000000000000000       0x23 obj/default/hello_world.o
                                         0x24 (size before relaxing)
 .comment       0x0000000000000000       0x24 c:/altera/15.0/nios2eds/bin/gnu/h-x86_64-mingw32/bin/../lib/gcc/nios2-elf/4.9.1/../../../../../H-x86_64-mingw32/nios2-elf/lib\libsmallc.a(lib_a-printf.o)
 .comment       0x0000000000000000       0x24 c:/altera/15.0/nios2eds/bin/gnu/h-x86_64-mingw32/bin/../lib/gcc/nios2-elf/4.9.1/../../../../../H-x86_64-mingw32/nios2-elf/lib\libsmallc.a(lib_a-vfprintf.o)
 .comment       0x0000000000000000       0x24 c:/altera/15.0/nios2eds/bin/gnu/h-x86_64-mingw32/bin/../lib/gcc/nios2-elf/4.9.1/../../../../../H-x86_64-mingw32/nios2-elf/lib\libsmallc.a(lib_a-fvwrite_small_dev.o)
 .comment       0x0000000000000000       0x24 c:/altera/15.0/nios2eds/bin/gnu/h-x86_64-mingw32/bin/../lib/gcc/nios2-elf/4.9.1/../../../../../H-x86_64-mingw32/nios2-elf/lib\libsmallc.a(lib_a-impure.o)
 .comment       0x0000000000000000       0x24 c:/altera/15.0/nios2eds/bin/gnu/h-x86_64-mingw32/bin/../lib/gcc/nios2-elf/4.9.1/../../../../../H-x86_64-mingw32/nios2-elf/lib\libsmallc.a(lib_a-strlen.o)
 .comment       0x0000000000000000       0x24 c:/altera/15.0/nios2eds/bin/gnu/h-x86_64-mingw32/bin/../lib/gcc/nios2-elf/4.9.1/../../../../../H-x86_64-mingw32/nios2-elf/lib\libsmallc.a(lib_a-writer.o)
 .comment       0x0000000000000000       0x24 c:/altera/15.0/nios2eds/bin/gnu/h-x86_64-mingw32/bin/../lib/gcc/nios2-elf/4.9.1/../../../../../H-x86_64-mingw32/nios2-elf/lib\libsmallc.a(lib_a-int_errno.o)
 .comment       0x0000000000000000       0x24 c:/altera/15.0/nios2eds/bin/gnu/h-x86_64-mingw32/bin/../lib/gcc/nios2-elf/4.9.1\libgcc.a(lib2-divmod.o)
 .comment       0x0000000000000000       0x24 ../sensor_interface_bsp/\libhal_bsp.a(alt_load.o)
 .comment       0x0000000000000000       0x24 ../sensor_interface_bsp/\libhal_bsp.a(alt_main.o)
 .comment       0x0000000000000000       0x24 ../sensor_interface_bsp/\libhal_bsp.a(alt_usleep.o)
 .comment       0x0000000000000000       0x24 ../sensor_interface_bsp/\libhal_bsp.a(alt_write.o)
 .comment       0x0000000000000000       0x24 ../sensor_interface_bsp/\libhal_bsp.a(alt_sys_init.o)
 .comment       0x0000000000000000       0x24 ../sensor_interface_bsp/\libhal_bsp.a(altera_avalon_jtag_uart_fd.o)
 .comment       0x0000000000000000       0x24 ../sensor_interface_bsp/\libhal_bsp.a(altera_avalon_jtag_uart_read.o)
 .comment       0x0000000000000000       0x24 ../sensor_interface_bsp/\libhal_bsp.a(altera_avalon_jtag_uart_write.o)
 .comment       0x0000000000000000       0x24 ../sensor_interface_bsp/\libhal_bsp.a(alt_busy_sleep.o)
 .comment       0x0000000000000000       0x24 ../sensor_interface_bsp/\libhal_bsp.a(alt_close.o)
 .comment       0x0000000000000000       0x24 ../sensor_interface_bsp/\libhal_bsp.a(alt_dcache_flush_all.o)
 .comment       0x0000000000000000       0x24 ../sensor_interface_bsp/\libhal_bsp.a(alt_dev.o)
 .comment       0x0000000000000000       0x24 ../sensor_interface_bsp/\libhal_bsp.a(alt_dev_llist_insert.o)
 .comment       0x0000000000000000       0x24 ../sensor_interface_bsp/\libhal_bsp.a(alt_errno.o)
 .comment       0x0000000000000000       0x24 ../sensor_interface_bsp/\libhal_bsp.a(alt_icache_flush_all.o)
 .comment       0x0000000000000000       0x24 ../sensor_interface_bsp/\libhal_bsp.a(alt_io_redirect.o)
 .comment       0x0000000000000000       0x24 ../sensor_interface_bsp/\libhal_bsp.a(alt_open.o)
 .comment       0x0000000000000000       0x24 ../sensor_interface_bsp/\libhal_bsp.a(alt_release_fd.o)
 .comment       0x0000000000000000       0x24 ../sensor_interface_bsp/\libhal_bsp.a(altera_nios2_qsys_irq.o)
 .comment       0x0000000000000000       0x24 ../sensor_interface_bsp/\libhal_bsp.a(alt_find_dev.o)
 .comment       0x0000000000000000       0x24 ../sensor_interface_bsp/\libhal_bsp.a(alt_find_file.o)
 .comment       0x0000000000000000       0x24 ../sensor_interface_bsp/\libhal_bsp.a(alt_get_fd.o)
 .comment       0x0000000000000000       0x24 ../sensor_interface_bsp/\libhal_bsp.a(alt_icache_flush.o)
 .comment       0x0000000000000000       0x24 c:/altera/15.0/nios2eds/bin/gnu/h-x86_64-mingw32/bin/../lib/gcc/nios2-elf/4.9.1/../../../../../H-x86_64-mingw32/nios2-elf/lib\libsmallc.a(lib_a-exit.o)
 .comment       0x0000000000000000       0x24 c:/altera/15.0/nios2eds/bin/gnu/h-x86_64-mingw32/bin/../lib/gcc/nios2-elf/4.9.1/../../../../../H-x86_64-mingw32/nios2-elf/lib\libsmallc.a(lib_a-memcmp.o)
 .comment       0x0000000000000000       0x24 c:/altera/15.0/nios2eds/bin/gnu/h-x86_64-mingw32/bin/../lib/gcc/nios2-elf/4.9.1/../../../../../H-x86_64-mingw32/nios2-elf/lib\libsmallc.a(lib_a-__call_atexit.o)
 .comment       0x0000000000000000       0x24 ../sensor_interface_bsp/\libhal_bsp.a(alt_exit.o)

.debug
 *(.debug)

.line
 *(.line)

.debug_srcinfo
 *(.debug_srcinfo)

.debug_sfnames
 *(.debug_sfnames)

.debug_aranges  0x0000000000000000      0x490
 *(.debug_aranges)
 .debug_aranges
                0x0000000000000000       0x28 ../sensor_interface_bsp//obj/HAL/src/crt0.o
 .debug_aranges
                0x0000000000000028       0x20 obj/default/hello_world.o
 .debug_aranges
                0x0000000000000048       0x20 c:/altera/15.0/nios2eds/bin/gnu/h-x86_64-mingw32/bin/../lib/gcc/nios2-elf/4.9.1/../../../../../H-x86_64-mingw32/nios2-elf/lib\libsmallc.a(lib_a-printf.o)
 .debug_aranges
                0x0000000000000068       0x20 c:/altera/15.0/nios2eds/bin/gnu/h-x86_64-mingw32/bin/../lib/gcc/nios2-elf/4.9.1/../../../../../H-x86_64-mingw32/nios2-elf/lib\libsmallc.a(lib_a-vfprintf.o)
 .debug_aranges
                0x0000000000000088       0x20 c:/altera/15.0/nios2eds/bin/gnu/h-x86_64-mingw32/bin/../lib/gcc/nios2-elf/4.9.1/../../../../../H-x86_64-mingw32/nios2-elf/lib\libsmallc.a(lib_a-fvwrite_small_dev.o)
 .debug_aranges
                0x00000000000000a8       0x18 c:/altera/15.0/nios2eds/bin/gnu/h-x86_64-mingw32/bin/../lib/gcc/nios2-elf/4.9.1/../../../../../H-x86_64-mingw32/nios2-elf/lib\libsmallc.a(lib_a-impure.o)
 .debug_aranges
                0x00000000000000c0       0x20 c:/altera/15.0/nios2eds/bin/gnu/h-x86_64-mingw32/bin/../lib/gcc/nios2-elf/4.9.1/../../../../../H-x86_64-mingw32/nios2-elf/lib\libsmallc.a(lib_a-strlen.o)
 .debug_aranges
                0x00000000000000e0       0x20 c:/altera/15.0/nios2eds/bin/gnu/h-x86_64-mingw32/bin/../lib/gcc/nios2-elf/4.9.1/../../../../../H-x86_64-mingw32/nios2-elf/lib\libsmallc.a(lib_a-writer.o)
 .debug_aranges
                0x0000000000000100       0x18 c:/altera/15.0/nios2eds/bin/gnu/h-x86_64-mingw32/bin/../lib/gcc/nios2-elf/4.9.1/../../../../../H-x86_64-mingw32/nios2-elf/lib\libsmallc.a(lib_a-int_errno.o)
 .debug_aranges
                0x0000000000000118       0x20 c:/altera/15.0/nios2eds/bin/gnu/h-x86_64-mingw32/bin/../lib/gcc/nios2-elf/4.9.1\libgcc.a(lib2-divmod.o)
 .debug_aranges
                0x0000000000000138       0x20 ../sensor_interface_bsp/\libhal_bsp.a(alt_load.o)
 .debug_aranges
                0x0000000000000158       0x20 ../sensor_interface_bsp/\libhal_bsp.a(alt_main.o)
 .debug_aranges
                0x0000000000000178       0x20 ../sensor_interface_bsp/\libhal_bsp.a(alt_usleep.o)
 .debug_aranges
                0x0000000000000198       0x20 ../sensor_interface_bsp/\libhal_bsp.a(alt_write.o)
 .debug_aranges
                0x00000000000001b8       0x20 ../sensor_interface_bsp/\libhal_bsp.a(alt_sys_init.o)
 .debug_aranges
                0x00000000000001d8       0x20 ../sensor_interface_bsp/\libhal_bsp.a(altera_avalon_jtag_uart_fd.o)
 .debug_aranges
                0x00000000000001f8       0x20 ../sensor_interface_bsp/\libhal_bsp.a(altera_avalon_jtag_uart_read.o)
 .debug_aranges
                0x0000000000000218       0x20 ../sensor_interface_bsp/\libhal_bsp.a(altera_avalon_jtag_uart_write.o)
 .debug_aranges
                0x0000000000000238       0x20 ../sensor_interface_bsp/\libhal_bsp.a(alt_busy_sleep.o)
 .debug_aranges
                0x0000000000000258       0x20 ../sensor_interface_bsp/\libhal_bsp.a(alt_close.o)
 .debug_aranges
                0x0000000000000278       0x20 ../sensor_interface_bsp/\libhal_bsp.a(alt_dcache_flush_all.o)
 .debug_aranges
                0x0000000000000298       0x20 ../sensor_interface_bsp/\libhal_bsp.a(alt_dev.o)
 .debug_aranges
                0x00000000000002b8       0x20 ../sensor_interface_bsp/\libhal_bsp.a(alt_dev_llist_insert.o)
 .debug_aranges
                0x00000000000002d8       0x18 ../sensor_interface_bsp/\libhal_bsp.a(alt_errno.o)
 .debug_aranges
                0x00000000000002f0       0x20 ../sensor_interface_bsp/\libhal_bsp.a(alt_icache_flush_all.o)
 .debug_aranges
                0x0000000000000310       0x20 ../sensor_interface_bsp/\libhal_bsp.a(alt_io_redirect.o)
 .debug_aranges
                0x0000000000000330       0x20 ../sensor_interface_bsp/\libhal_bsp.a(alt_open.o)
 .debug_aranges
                0x0000000000000350       0x20 ../sensor_interface_bsp/\libhal_bsp.a(alt_release_fd.o)
 .debug_aranges
                0x0000000000000370       0x20 ../sensor_interface_bsp/\libhal_bsp.a(altera_nios2_qsys_irq.o)
 .debug_aranges
                0x0000000000000390       0x20 ../sensor_interface_bsp/\libhal_bsp.a(alt_find_dev.o)
 .debug_aranges
                0x00000000000003b0       0x20 ../sensor_interface_bsp/\libhal_bsp.a(alt_find_file.o)
 .debug_aranges
                0x00000000000003d0       0x20 ../sensor_interface_bsp/\libhal_bsp.a(alt_get_fd.o)
 .debug_aranges
                0x00000000000003f0       0x20 ../sensor_interface_bsp/\libhal_bsp.a(alt_icache_flush.o)
 .debug_aranges
                0x0000000000000410       0x20 c:/altera/15.0/nios2eds/bin/gnu/h-x86_64-mingw32/bin/../lib/gcc/nios2-elf/4.9.1/../../../../../H-x86_64-mingw32/nios2-elf/lib\libsmallc.a(lib_a-exit.o)
 .debug_aranges
                0x0000000000000430       0x20 c:/altera/15.0/nios2eds/bin/gnu/h-x86_64-mingw32/bin/../lib/gcc/nios2-elf/4.9.1/../../../../../H-x86_64-mingw32/nios2-elf/lib\libsmallc.a(lib_a-memcmp.o)
 .debug_aranges
                0x0000000000000450       0x20 c:/altera/15.0/nios2eds/bin/gnu/h-x86_64-mingw32/bin/../lib/gcc/nios2-elf/4.9.1/../../../../../H-x86_64-mingw32/nios2-elf/lib\libsmallc.a(lib_a-__call_atexit.o)
 .debug_aranges
                0x0000000000000470       0x20 ../sensor_interface_bsp/\libhal_bsp.a(alt_exit.o)

.debug_pubnames
 *(.debug_pubnames)

.debug_info     0x0000000000000000     0x677f
 *(.debug_info .gnu.linkonce.wi.*)
 .debug_info    0x0000000000000000       0x7c ../sensor_interface_bsp//obj/HAL/src/crt0.o
 .debug_info    0x000000000000007c      0x2b0 obj/default/hello_world.o
 .debug_info    0x000000000000032c      0x6c7 c:/altera/15.0/nios2eds/bin/gnu/h-x86_64-mingw32/bin/../lib/gcc/nios2-elf/4.9.1/../../../../../H-x86_64-mingw32/nios2-elf/lib\libsmallc.a(lib_a-printf.o)
 .debug_info    0x00000000000009f3      0xb49 c:/altera/15.0/nios2eds/bin/gnu/h-x86_64-mingw32/bin/../lib/gcc/nios2-elf/4.9.1/../../../../../H-x86_64-mingw32/nios2-elf/lib\libsmallc.a(lib_a-vfprintf.o)
 .debug_info    0x000000000000153c      0x656 c:/altera/15.0/nios2eds/bin/gnu/h-x86_64-mingw32/bin/../lib/gcc/nios2-elf/4.9.1/../../../../../H-x86_64-mingw32/nios2-elf/lib\libsmallc.a(lib_a-fvwrite_small_dev.o)
 .debug_info    0x0000000000001b92      0x5a7 c:/altera/15.0/nios2eds/bin/gnu/h-x86_64-mingw32/bin/../lib/gcc/nios2-elf/4.9.1/../../../../../H-x86_64-mingw32/nios2-elf/lib\libsmallc.a(lib_a-impure.o)
 .debug_info    0x0000000000002139       0xc2 c:/altera/15.0/nios2eds/bin/gnu/h-x86_64-mingw32/bin/../lib/gcc/nios2-elf/4.9.1/../../../../../H-x86_64-mingw32/nios2-elf/lib\libsmallc.a(lib_a-strlen.o)
 .debug_info    0x00000000000021fb      0x639 c:/altera/15.0/nios2eds/bin/gnu/h-x86_64-mingw32/bin/../lib/gcc/nios2-elf/4.9.1/../../../../../H-x86_64-mingw32/nios2-elf/lib\libsmallc.a(lib_a-writer.o)
 .debug_info    0x0000000000002834       0x83 c:/altera/15.0/nios2eds/bin/gnu/h-x86_64-mingw32/bin/../lib/gcc/nios2-elf/4.9.1/../../../../../H-x86_64-mingw32/nios2-elf/lib\libsmallc.a(lib_a-int_errno.o)
 .debug_info    0x00000000000028b7      0x234 c:/altera/15.0/nios2eds/bin/gnu/h-x86_64-mingw32/bin/../lib/gcc/nios2-elf/4.9.1\libgcc.a(lib2-divmod.o)
 .debug_info    0x0000000000002aeb      0x13e ../sensor_interface_bsp/\libhal_bsp.a(alt_load.o)
 .debug_info    0x0000000000002c29      0x12a ../sensor_interface_bsp/\libhal_bsp.a(alt_main.o)
 .debug_info    0x0000000000002d53       0xa9 ../sensor_interface_bsp/\libhal_bsp.a(alt_usleep.o)
 .debug_info    0x0000000000002dfc      0x4b0 ../sensor_interface_bsp/\libhal_bsp.a(alt_write.o)
 .debug_info    0x00000000000032ac      0x3c2 ../sensor_interface_bsp/\libhal_bsp.a(alt_sys_init.o)
 .debug_info    0x000000000000366e      0x3a0 ../sensor_interface_bsp/\libhal_bsp.a(altera_avalon_jtag_uart_fd.o)
 .debug_info    0x0000000000003a0e      0x1af ../sensor_interface_bsp/\libhal_bsp.a(altera_avalon_jtag_uart_read.o)
 .debug_info    0x0000000000003bbd      0x18e ../sensor_interface_bsp/\libhal_bsp.a(altera_avalon_jtag_uart_write.o)
 .debug_info    0x0000000000003d4b       0xd0 ../sensor_interface_bsp/\libhal_bsp.a(alt_busy_sleep.o)
 .debug_info    0x0000000000003e1b      0x31a ../sensor_interface_bsp/\libhal_bsp.a(alt_close.o)
 .debug_info    0x0000000000004135       0x8b ../sensor_interface_bsp/\libhal_bsp.a(alt_dcache_flush_all.o)
 .debug_info    0x00000000000041c0      0x495 ../sensor_interface_bsp/\libhal_bsp.a(alt_dev.o)
 .debug_info    0x0000000000004655      0x1a2 ../sensor_interface_bsp/\libhal_bsp.a(alt_dev_llist_insert.o)
 .debug_info    0x00000000000047f7       0x9f ../sensor_interface_bsp/\libhal_bsp.a(alt_errno.o)
 .debug_info    0x0000000000004896       0x8b ../sensor_interface_bsp/\libhal_bsp.a(alt_icache_flush_all.o)
 .debug_info    0x0000000000004921      0x49e ../sensor_interface_bsp/\libhal_bsp.a(alt_io_redirect.o)
 .debug_info    0x0000000000004dbf      0x3b4 ../sensor_interface_bsp/\libhal_bsp.a(alt_open.o)
 .debug_info    0x0000000000005173      0x2b0 ../sensor_interface_bsp/\libhal_bsp.a(alt_release_fd.o)
 .debug_info    0x0000000000005423       0x8b ../sensor_interface_bsp/\libhal_bsp.a(altera_nios2_qsys_irq.o)
 .debug_info    0x00000000000054ae      0x2e2 ../sensor_interface_bsp/\libhal_bsp.a(alt_find_dev.o)
 .debug_info    0x0000000000005790      0x2df ../sensor_interface_bsp/\libhal_bsp.a(alt_find_file.o)
 .debug_info    0x0000000000005a6f      0x309 ../sensor_interface_bsp/\libhal_bsp.a(alt_get_fd.o)
 .debug_info    0x0000000000005d78       0xd5 ../sensor_interface_bsp/\libhal_bsp.a(alt_icache_flush.o)
 .debug_info    0x0000000000005e4d       0xed c:/altera/15.0/nios2eds/bin/gnu/h-x86_64-mingw32/bin/../lib/gcc/nios2-elf/4.9.1/../../../../../H-x86_64-mingw32/nios2-elf/lib\libsmallc.a(lib_a-exit.o)
 .debug_info    0x0000000000005f3a       0xed c:/altera/15.0/nios2eds/bin/gnu/h-x86_64-mingw32/bin/../lib/gcc/nios2-elf/4.9.1/../../../../../H-x86_64-mingw32/nios2-elf/lib\libsmallc.a(lib_a-memcmp.o)
 .debug_info    0x0000000000006027      0x673 c:/altera/15.0/nios2eds/bin/gnu/h-x86_64-mingw32/bin/../lib/gcc/nios2-elf/4.9.1/../../../../../H-x86_64-mingw32/nios2-elf/lib\libsmallc.a(lib_a-__call_atexit.o)
 .debug_info    0x000000000000669a       0xe5 ../sensor_interface_bsp/\libhal_bsp.a(alt_exit.o)

.debug_abbrev   0x0000000000000000     0x220e
 *(.debug_abbrev)
 .debug_abbrev  0x0000000000000000       0x12 ../sensor_interface_bsp//obj/HAL/src/crt0.o
 .debug_abbrev  0x0000000000000012      0x11f obj/default/hello_world.o
 .debug_abbrev  0x0000000000000131      0x1fe c:/altera/15.0/nios2eds/bin/gnu/h-x86_64-mingw32/bin/../lib/gcc/nios2-elf/4.9.1/../../../../../H-x86_64-mingw32/nios2-elf/lib\libsmallc.a(lib_a-printf.o)
 .debug_abbrev  0x000000000000032f      0x2a1 c:/altera/15.0/nios2eds/bin/gnu/h-x86_64-mingw32/bin/../lib/gcc/nios2-elf/4.9.1/../../../../../H-x86_64-mingw32/nios2-elf/lib\libsmallc.a(lib_a-vfprintf.o)
 .debug_abbrev  0x00000000000005d0      0x1c3 c:/altera/15.0/nios2eds/bin/gnu/h-x86_64-mingw32/bin/../lib/gcc/nios2-elf/4.9.1/../../../../../H-x86_64-mingw32/nios2-elf/lib\libsmallc.a(lib_a-fvwrite_small_dev.o)
 .debug_abbrev  0x0000000000000793      0x14a c:/altera/15.0/nios2eds/bin/gnu/h-x86_64-mingw32/bin/../lib/gcc/nios2-elf/4.9.1/../../../../../H-x86_64-mingw32/nios2-elf/lib\libsmallc.a(lib_a-impure.o)
 .debug_abbrev  0x00000000000008dd       0x7f c:/altera/15.0/nios2eds/bin/gnu/h-x86_64-mingw32/bin/../lib/gcc/nios2-elf/4.9.1/../../../../../H-x86_64-mingw32/nios2-elf/lib\libsmallc.a(lib_a-strlen.o)
 .debug_abbrev  0x000000000000095c      0x1a8 c:/altera/15.0/nios2eds/bin/gnu/h-x86_64-mingw32/bin/../lib/gcc/nios2-elf/4.9.1/../../../../../H-x86_64-mingw32/nios2-elf/lib\libsmallc.a(lib_a-writer.o)
 .debug_abbrev  0x0000000000000b04       0x37 c:/altera/15.0/nios2eds/bin/gnu/h-x86_64-mingw32/bin/../lib/gcc/nios2-elf/4.9.1/../../../../../H-x86_64-mingw32/nios2-elf/lib\libsmallc.a(lib_a-int_errno.o)
 .debug_abbrev  0x0000000000000b3b       0xd9 c:/altera/15.0/nios2eds/bin/gnu/h-x86_64-mingw32/bin/../lib/gcc/nios2-elf/4.9.1\libgcc.a(lib2-divmod.o)
 .debug_abbrev  0x0000000000000c14       0x9f ../sensor_interface_bsp/\libhal_bsp.a(alt_load.o)
 .debug_abbrev  0x0000000000000cb3       0xba ../sensor_interface_bsp/\libhal_bsp.a(alt_main.o)
 .debug_abbrev  0x0000000000000d6d       0x60 ../sensor_interface_bsp/\libhal_bsp.a(alt_usleep.o)
 .debug_abbrev  0x0000000000000dcd      0x133 ../sensor_interface_bsp/\libhal_bsp.a(alt_write.o)
 .debug_abbrev  0x0000000000000f00      0x157 ../sensor_interface_bsp/\libhal_bsp.a(alt_sys_init.o)
 .debug_abbrev  0x0000000000001057       0xf7 ../sensor_interface_bsp/\libhal_bsp.a(altera_avalon_jtag_uart_fd.o)
 .debug_abbrev  0x000000000000114e       0xd7 ../sensor_interface_bsp/\libhal_bsp.a(altera_avalon_jtag_uart_read.o)
 .debug_abbrev  0x0000000000001225       0xd5 ../sensor_interface_bsp/\libhal_bsp.a(altera_avalon_jtag_uart_write.o)
 .debug_abbrev  0x00000000000012fa       0x7e ../sensor_interface_bsp/\libhal_bsp.a(alt_busy_sleep.o)
 .debug_abbrev  0x0000000000001378      0x11f ../sensor_interface_bsp/\libhal_bsp.a(alt_close.o)
 .debug_abbrev  0x0000000000001497       0x42 ../sensor_interface_bsp/\libhal_bsp.a(alt_dcache_flush_all.o)
 .debug_abbrev  0x00000000000014d9       0xd9 ../sensor_interface_bsp/\libhal_bsp.a(alt_dev.o)
 .debug_abbrev  0x00000000000015b2      0x114 ../sensor_interface_bsp/\libhal_bsp.a(alt_dev_llist_insert.o)
 .debug_abbrev  0x00000000000016c6       0x5a ../sensor_interface_bsp/\libhal_bsp.a(alt_errno.o)
 .debug_abbrev  0x0000000000001720       0x42 ../sensor_interface_bsp/\libhal_bsp.a(alt_icache_flush_all.o)
 .debug_abbrev  0x0000000000001762      0x114 ../sensor_interface_bsp/\libhal_bsp.a(alt_io_redirect.o)
 .debug_abbrev  0x0000000000001876      0x148 ../sensor_interface_bsp/\libhal_bsp.a(alt_open.o)
 .debug_abbrev  0x00000000000019be       0xde ../sensor_interface_bsp/\libhal_bsp.a(alt_release_fd.o)
 .debug_abbrev  0x0000000000001a9c       0x42 ../sensor_interface_bsp/\libhal_bsp.a(altera_nios2_qsys_irq.o)
 .debug_abbrev  0x0000000000001ade       0xf0 ../sensor_interface_bsp/\libhal_bsp.a(alt_find_dev.o)
 .debug_abbrev  0x0000000000001bce       0xf0 ../sensor_interface_bsp/\libhal_bsp.a(alt_find_file.o)
 .debug_abbrev  0x0000000000001cbe      0x10d ../sensor_interface_bsp/\libhal_bsp.a(alt_get_fd.o)
 .debug_abbrev  0x0000000000001dcb       0x8c ../sensor_interface_bsp/\libhal_bsp.a(alt_icache_flush.o)
 .debug_abbrev  0x0000000000001e57       0xa9 c:/altera/15.0/nios2eds/bin/gnu/h-x86_64-mingw32/bin/../lib/gcc/nios2-elf/4.9.1/../../../../../H-x86_64-mingw32/nios2-elf/lib\libsmallc.a(lib_a-exit.o)
 .debug_abbrev  0x0000000000001f00       0x7f c:/altera/15.0/nios2eds/bin/gnu/h-x86_64-mingw32/bin/../lib/gcc/nios2-elf/4.9.1/../../../../../H-x86_64-mingw32/nios2-elf/lib\libsmallc.a(lib_a-memcmp.o)
 .debug_abbrev  0x0000000000001f7f      0x1e9 c:/altera/15.0/nios2eds/bin/gnu/h-x86_64-mingw32/bin/../lib/gcc/nios2-elf/4.9.1/../../../../../H-x86_64-mingw32/nios2-elf/lib\libsmallc.a(lib_a-__call_atexit.o)
 .debug_abbrev  0x0000000000002168       0xa6 ../sensor_interface_bsp/\libhal_bsp.a(alt_exit.o)

.debug_line     0x0000000000000000     0x265a
 *(.debug_line)
 .debug_line    0x0000000000000000       0x6c ../sensor_interface_bsp//obj/HAL/src/crt0.o
 .debug_line    0x000000000000006c       0xda obj/default/hello_world.o
 .debug_line    0x0000000000000146      0x1fa c:/altera/15.0/nios2eds/bin/gnu/h-x86_64-mingw32/bin/../lib/gcc/nios2-elf/4.9.1/../../../../../H-x86_64-mingw32/nios2-elf/lib\libsmallc.a(lib_a-printf.o)
 .debug_line    0x0000000000000340      0x34b c:/altera/15.0/nios2eds/bin/gnu/h-x86_64-mingw32/bin/../lib/gcc/nios2-elf/4.9.1/../../../../../H-x86_64-mingw32/nios2-elf/lib\libsmallc.a(lib_a-vfprintf.o)
 .debug_line    0x000000000000068b      0x1f2 c:/altera/15.0/nios2eds/bin/gnu/h-x86_64-mingw32/bin/../lib/gcc/nios2-elf/4.9.1/../../../../../H-x86_64-mingw32/nios2-elf/lib\libsmallc.a(lib_a-fvwrite_small_dev.o)
 .debug_line    0x000000000000087d      0x155 c:/altera/15.0/nios2eds/bin/gnu/h-x86_64-mingw32/bin/../lib/gcc/nios2-elf/4.9.1/../../../../../H-x86_64-mingw32/nios2-elf/lib\libsmallc.a(lib_a-impure.o)
 .debug_line    0x00000000000009d2      0x15b c:/altera/15.0/nios2eds/bin/gnu/h-x86_64-mingw32/bin/../lib/gcc/nios2-elf/4.9.1/../../../../../H-x86_64-mingw32/nios2-elf/lib\libsmallc.a(lib_a-strlen.o)
 .debug_line    0x0000000000000b2d      0x1ed c:/altera/15.0/nios2eds/bin/gnu/h-x86_64-mingw32/bin/../lib/gcc/nios2-elf/4.9.1/../../../../../H-x86_64-mingw32/nios2-elf/lib\libsmallc.a(lib_a-writer.o)
 .debug_line    0x0000000000000d1a       0x5d c:/altera/15.0/nios2eds/bin/gnu/h-x86_64-mingw32/bin/../lib/gcc/nios2-elf/4.9.1/../../../../../H-x86_64-mingw32/nios2-elf/lib\libsmallc.a(lib_a-int_errno.o)
 .debug_line    0x0000000000000d77       0xc4 c:/altera/15.0/nios2eds/bin/gnu/h-x86_64-mingw32/bin/../lib/gcc/nios2-elf/4.9.1\libgcc.a(lib2-divmod.o)
 .debug_line    0x0000000000000e3b       0x8d ../sensor_interface_bsp/\libhal_bsp.a(alt_load.o)
 .debug_line    0x0000000000000ec8       0x9e ../sensor_interface_bsp/\libhal_bsp.a(alt_main.o)
 .debug_line    0x0000000000000f66       0xa5 ../sensor_interface_bsp/\libhal_bsp.a(alt_usleep.o)
 .debug_line    0x000000000000100b      0x1cc ../sensor_interface_bsp/\libhal_bsp.a(alt_write.o)
 .debug_line    0x00000000000011d7      0x128 ../sensor_interface_bsp/\libhal_bsp.a(alt_sys_init.o)
 .debug_line    0x00000000000012ff      0x112 ../sensor_interface_bsp/\libhal_bsp.a(altera_avalon_jtag_uart_fd.o)
 .debug_line    0x0000000000001411       0xff ../sensor_interface_bsp/\libhal_bsp.a(altera_avalon_jtag_uart_read.o)
 .debug_line    0x0000000000001510       0xf4 ../sensor_interface_bsp/\libhal_bsp.a(altera_avalon_jtag_uart_write.o)
 .debug_line    0x0000000000001604       0xa0 ../sensor_interface_bsp/\libhal_bsp.a(alt_busy_sleep.o)
 .debug_line    0x00000000000016a4      0x15e ../sensor_interface_bsp/\libhal_bsp.a(alt_close.o)
 .debug_line    0x0000000000001802       0x51 ../sensor_interface_bsp/\libhal_bsp.a(alt_dcache_flush_all.o)
 .debug_line    0x0000000000001853       0xf0 ../sensor_interface_bsp/\libhal_bsp.a(alt_dev.o)
 .debug_line    0x0000000000001943       0xd0 ../sensor_interface_bsp/\libhal_bsp.a(alt_dev_llist_insert.o)
 .debug_line    0x0000000000001a13       0x51 ../sensor_interface_bsp/\libhal_bsp.a(alt_errno.o)
 .debug_line    0x0000000000001a64       0x50 ../sensor_interface_bsp/\libhal_bsp.a(alt_icache_flush_all.o)
 .debug_line    0x0000000000001ab4      0x12b ../sensor_interface_bsp/\libhal_bsp.a(alt_io_redirect.o)
 .debug_line    0x0000000000001bdf      0x12a ../sensor_interface_bsp/\libhal_bsp.a(alt_open.o)
 .debug_line    0x0000000000001d09       0xae ../sensor_interface_bsp/\libhal_bsp.a(alt_release_fd.o)
 .debug_line    0x0000000000001db7       0x51 ../sensor_interface_bsp/\libhal_bsp.a(altera_nios2_qsys_irq.o)
 .debug_line    0x0000000000001e08       0xb5 ../sensor_interface_bsp/\libhal_bsp.a(alt_find_dev.o)
 .debug_line    0x0000000000001ebd       0xd1 ../sensor_interface_bsp/\libhal_bsp.a(alt_find_file.o)
 .debug_line    0x0000000000001f8e       0xd5 ../sensor_interface_bsp/\libhal_bsp.a(alt_get_fd.o)
 .debug_line    0x0000000000002063       0x81 ../sensor_interface_bsp/\libhal_bsp.a(alt_icache_flush.o)
 .debug_line    0x00000000000020e4      0x157 c:/altera/15.0/nios2eds/bin/gnu/h-x86_64-mingw32/bin/../lib/gcc/nios2-elf/4.9.1/../../../../../H-x86_64-mingw32/nios2-elf/lib\libsmallc.a(lib_a-exit.o)
 .debug_line    0x000000000000223b      0x15f c:/altera/15.0/nios2eds/bin/gnu/h-x86_64-mingw32/bin/../lib/gcc/nios2-elf/4.9.1/../../../../../H-x86_64-mingw32/nios2-elf/lib\libsmallc.a(lib_a-memcmp.o)
 .debug_line    0x000000000000239a      0x24f c:/altera/15.0/nios2eds/bin/gnu/h-x86_64-mingw32/bin/../lib/gcc/nios2-elf/4.9.1/../../../../../H-x86_64-mingw32/nios2-elf/lib\libsmallc.a(lib_a-__call_atexit.o)
 .debug_line    0x00000000000025e9       0x71 ../sensor_interface_bsp/\libhal_bsp.a(alt_exit.o)

.debug_frame    0x0000000000000000      0xa30
 *(.debug_frame)
 .debug_frame   0x0000000000000000      0x144 obj/default/hello_world.o
 .debug_frame   0x0000000000000144       0x48 c:/altera/15.0/nios2eds/bin/gnu/h-x86_64-mingw32/bin/../lib/gcc/nios2-elf/4.9.1/../../../../../H-x86_64-mingw32/nios2-elf/lib\libsmallc.a(lib_a-printf.o)
 .debug_frame   0x000000000000018c       0x8c c:/altera/15.0/nios2eds/bin/gnu/h-x86_64-mingw32/bin/../lib/gcc/nios2-elf/4.9.1/../../../../../H-x86_64-mingw32/nios2-elf/lib\libsmallc.a(lib_a-vfprintf.o)
 .debug_frame   0x0000000000000218       0x40 c:/altera/15.0/nios2eds/bin/gnu/h-x86_64-mingw32/bin/../lib/gcc/nios2-elf/4.9.1/../../../../../H-x86_64-mingw32/nios2-elf/lib\libsmallc.a(lib_a-fvwrite_small_dev.o)
 .debug_frame   0x0000000000000258       0x20 c:/altera/15.0/nios2eds/bin/gnu/h-x86_64-mingw32/bin/../lib/gcc/nios2-elf/4.9.1/../../../../../H-x86_64-mingw32/nios2-elf/lib\libsmallc.a(lib_a-strlen.o)
 .debug_frame   0x0000000000000278       0x38 c:/altera/15.0/nios2eds/bin/gnu/h-x86_64-mingw32/bin/../lib/gcc/nios2-elf/4.9.1/../../../../../H-x86_64-mingw32/nios2-elf/lib\libsmallc.a(lib_a-writer.o)
 .debug_frame   0x00000000000002b0       0x8c c:/altera/15.0/nios2eds/bin/gnu/h-x86_64-mingw32/bin/../lib/gcc/nios2-elf/4.9.1\libgcc.a(lib2-divmod.o)
 .debug_frame   0x000000000000033c       0x5c ../sensor_interface_bsp/\libhal_bsp.a(alt_load.o)
 .debug_frame   0x0000000000000398       0x2c ../sensor_interface_bsp/\libhal_bsp.a(alt_main.o)
 .debug_frame   0x00000000000003c4       0x38 ../sensor_interface_bsp/\libhal_bsp.a(alt_usleep.o)
 .debug_frame   0x00000000000003fc       0x60 ../sensor_interface_bsp/\libhal_bsp.a(alt_write.o)
 .debug_frame   0x000000000000045c       0x88 ../sensor_interface_bsp/\libhal_bsp.a(alt_sys_init.o)
 .debug_frame   0x00000000000004e4       0x60 ../sensor_interface_bsp/\libhal_bsp.a(altera_avalon_jtag_uart_fd.o)
 .debug_frame   0x0000000000000544       0x34 ../sensor_interface_bsp/\libhal_bsp.a(altera_avalon_jtag_uart_read.o)
 .debug_frame   0x0000000000000578       0x34 ../sensor_interface_bsp/\libhal_bsp.a(altera_avalon_jtag_uart_write.o)
 .debug_frame   0x00000000000005ac       0x38 ../sensor_interface_bsp/\libhal_bsp.a(alt_busy_sleep.o)
 .debug_frame   0x00000000000005e4       0x60 ../sensor_interface_bsp/\libhal_bsp.a(alt_close.o)
 .debug_frame   0x0000000000000644       0x34 ../sensor_interface_bsp/\libhal_bsp.a(alt_dcache_flush_all.o)
 .debug_frame   0x0000000000000678       0x34 ../sensor_interface_bsp/\libhal_bsp.a(alt_dev.o)
 .debug_frame   0x00000000000006ac       0x60 ../sensor_interface_bsp/\libhal_bsp.a(alt_dev_llist_insert.o)
 .debug_frame   0x000000000000070c       0x38 ../sensor_interface_bsp/\libhal_bsp.a(alt_icache_flush_all.o)
 .debug_frame   0x0000000000000744       0x60 ../sensor_interface_bsp/\libhal_bsp.a(alt_io_redirect.o)
 .debug_frame   0x00000000000007a4       0x84 ../sensor_interface_bsp/\libhal_bsp.a(alt_open.o)
 .debug_frame   0x0000000000000828       0x34 ../sensor_interface_bsp/\libhal_bsp.a(alt_release_fd.o)
 .debug_frame   0x000000000000085c       0x34 ../sensor_interface_bsp/\libhal_bsp.a(altera_nios2_qsys_irq.o)
 .debug_frame   0x0000000000000890       0x38 ../sensor_interface_bsp/\libhal_bsp.a(alt_find_dev.o)
 .debug_frame   0x00000000000008c8       0x38 ../sensor_interface_bsp/\libhal_bsp.a(alt_find_file.o)
 .debug_frame   0x0000000000000900       0x34 ../sensor_interface_bsp/\libhal_bsp.a(alt_get_fd.o)
 .debug_frame   0x0000000000000934       0x34 ../sensor_interface_bsp/\libhal_bsp.a(alt_icache_flush.o)
 .debug_frame   0x0000000000000968       0x28 c:/altera/15.0/nios2eds/bin/gnu/h-x86_64-mingw32/bin/../lib/gcc/nios2-elf/4.9.1/../../../../../H-x86_64-mingw32/nios2-elf/lib\libsmallc.a(lib_a-exit.o)
 .debug_frame   0x0000000000000990       0x20 c:/altera/15.0/nios2eds/bin/gnu/h-x86_64-mingw32/bin/../lib/gcc/nios2-elf/4.9.1/../../../../../H-x86_64-mingw32/nios2-elf/lib\libsmallc.a(lib_a-memcmp.o)
 .debug_frame   0x00000000000009b0       0x54 c:/altera/15.0/nios2eds/bin/gnu/h-x86_64-mingw32/bin/../lib/gcc/nios2-elf/4.9.1/../../../../../H-x86_64-mingw32/nios2-elf/lib\libsmallc.a(lib_a-__call_atexit.o)
 .debug_frame   0x0000000000000a04       0x2c ../sensor_interface_bsp/\libhal_bsp.a(alt_exit.o)

.debug_str      0x0000000000000000     0x15f0
 *(.debug_str)
 .debug_str     0x0000000000000000      0x263 obj/default/hello_world.o
                                        0x2c7 (size before relaxing)
 .debug_str     0x0000000000000263      0x3e7 c:/altera/15.0/nios2eds/bin/gnu/h-x86_64-mingw32/bin/../lib/gcc/nios2-elf/4.9.1/../../../../../H-x86_64-mingw32/nios2-elf/lib\libsmallc.a(lib_a-printf.o)
                                        0x4b3 (size before relaxing)
 .debug_str     0x000000000000064a      0x1cc c:/altera/15.0/nios2eds/bin/gnu/h-x86_64-mingw32/bin/../lib/gcc/nios2-elf/4.9.1/../../../../../H-x86_64-mingw32/nios2-elf/lib\libsmallc.a(lib_a-vfprintf.o)
                                        0x641 (size before relaxing)
 .debug_str     0x0000000000000816       0x7f c:/altera/15.0/nios2eds/bin/gnu/h-x86_64-mingw32/bin/../lib/gcc/nios2-elf/4.9.1/../../../../../H-x86_64-mingw32/nios2-elf/lib\libsmallc.a(lib_a-fvwrite_small_dev.o)
                                        0x48e (size before relaxing)
 .debug_str     0x0000000000000895       0xe2 c:/altera/15.0/nios2eds/bin/gnu/h-x86_64-mingw32/bin/../lib/gcc/nios2-elf/4.9.1/../../../../../H-x86_64-mingw32/nios2-elf/lib\libsmallc.a(lib_a-impure.o)
                                        0x468 (size before relaxing)
 .debug_str     0x0000000000000977       0xc5 c:/altera/15.0/nios2eds/bin/gnu/h-x86_64-mingw32/bin/../lib/gcc/nios2-elf/4.9.1/../../../../../H-x86_64-mingw32/nios2-elf/lib\libsmallc.a(lib_a-strlen.o)
                                        0x18f (size before relaxing)
 .debug_str     0x0000000000000a3c       0x3a c:/altera/15.0/nios2eds/bin/gnu/h-x86_64-mingw32/bin/../lib/gcc/nios2-elf/4.9.1/../../../../../H-x86_64-mingw32/nios2-elf/lib\libsmallc.a(lib_a-writer.o)
                                        0x462 (size before relaxing)
 .debug_str     0x0000000000000a76       0x3d c:/altera/15.0/nios2eds/bin/gnu/h-x86_64-mingw32/bin/../lib/gcc/nios2-elf/4.9.1/../../../../../H-x86_64-mingw32/nios2-elf/lib\libsmallc.a(lib_a-int_errno.o)
                                        0x182 (size before relaxing)
 .debug_str     0x0000000000000ab3      0x16b c:/altera/15.0/nios2eds/bin/gnu/h-x86_64-mingw32/bin/../lib/gcc/nios2-elf/4.9.1\libgcc.a(lib2-divmod.o)
                                        0x1b6 (size before relaxing)
 .debug_str     0x0000000000000c1e      0x139 ../sensor_interface_bsp/\libhal_bsp.a(alt_load.o)
                                        0x200 (size before relaxing)
 .debug_str     0x0000000000000d57       0x70 ../sensor_interface_bsp/\libhal_bsp.a(alt_main.o)
                                        0x18b (size before relaxing)
 .debug_str     0x0000000000000dc7       0x20 ../sensor_interface_bsp/\libhal_bsp.a(alt_usleep.o)
                                        0x136 (size before relaxing)
 .debug_str     0x0000000000000de7      0x15f ../sensor_interface_bsp/\libhal_bsp.a(alt_write.o)
                                        0x2e6 (size before relaxing)
 .debug_str     0x0000000000000f46      0x103 ../sensor_interface_bsp/\libhal_bsp.a(alt_sys_init.o)
                                        0x2c0 (size before relaxing)
 .debug_str     0x0000000000001049       0x77 ../sensor_interface_bsp/\libhal_bsp.a(altera_avalon_jtag_uart_fd.o)
                                        0x2c3 (size before relaxing)
 .debug_str     0x00000000000010c0       0x48 ../sensor_interface_bsp/\libhal_bsp.a(altera_avalon_jtag_uart_read.o)
                                        0x20d (size before relaxing)
 .debug_str     0x0000000000001108       0x4a ../sensor_interface_bsp/\libhal_bsp.a(altera_avalon_jtag_uart_write.o)
                                        0x203 (size before relaxing)
 .debug_str     0x0000000000001152       0x42 ../sensor_interface_bsp/\libhal_bsp.a(alt_busy_sleep.o)
                                        0x159 (size before relaxing)
 .debug_str     0x0000000000001194       0x1b ../sensor_interface_bsp/\libhal_bsp.a(alt_close.o)
                                        0x1f9 (size before relaxing)
 .debug_str     0x00000000000011af       0x34 ../sensor_interface_bsp/\libhal_bsp.a(alt_dcache_flush_all.o)
                                        0x143 (size before relaxing)
 .debug_str     0x00000000000011e3       0x50 ../sensor_interface_bsp/\libhal_bsp.a(alt_dev.o)
                                        0x2f3 (size before relaxing)
 .debug_str     0x0000000000001233       0x4b ../sensor_interface_bsp/\libhal_bsp.a(alt_dev_llist_insert.o)
                                        0x1ba (size before relaxing)
 .debug_str     0x000000000000127e       0x14 ../sensor_interface_bsp/\libhal_bsp.a(alt_errno.o)
                                        0x133 (size before relaxing)
 .debug_str     0x0000000000001292       0x34 ../sensor_interface_bsp/\libhal_bsp.a(alt_icache_flush_all.o)
                                        0x143 (size before relaxing)
 .debug_str     0x00000000000012c6       0x56 ../sensor_interface_bsp/\libhal_bsp.a(alt_io_redirect.o)
                                        0x304 (size before relaxing)
 .debug_str     0x000000000000131c       0x36 ../sensor_interface_bsp/\libhal_bsp.a(alt_open.o)
                                        0x239 (size before relaxing)
 .debug_str     0x0000000000001352       0x28 ../sensor_interface_bsp/\libhal_bsp.a(alt_release_fd.o)
                                        0x1cd (size before relaxing)
 .debug_str     0x000000000000137a       0x3b ../sensor_interface_bsp/\libhal_bsp.a(altera_nios2_qsys_irq.o)
                                        0x14a (size before relaxing)
 .debug_str     0x00000000000013b5       0x24 ../sensor_interface_bsp/\libhal_bsp.a(alt_find_dev.o)
                                        0x1da (size before relaxing)
 .debug_str     0x00000000000013d9       0x26 ../sensor_interface_bsp/\libhal_bsp.a(alt_find_file.o)
                                        0x1e8 (size before relaxing)
 .debug_str     0x00000000000013ff       0x30 ../sensor_interface_bsp/\libhal_bsp.a(alt_get_fd.o)
                                        0x20a (size before relaxing)
 .debug_str     0x000000000000142f       0x2c ../sensor_interface_bsp/\libhal_bsp.a(alt_icache_flush.o)
                                        0x149 (size before relaxing)
 .debug_str     0x000000000000145b       0xd4 c:/altera/15.0/nios2eds/bin/gnu/h-x86_64-mingw32/bin/../lib/gcc/nios2-elf/4.9.1/../../../../../H-x86_64-mingw32/nios2-elf/lib\libsmallc.a(lib_a-exit.o)
                                        0x19a (size before relaxing)
 .debug_str     0x000000000000152f       0x42 c:/altera/15.0/nios2eds/bin/gnu/h-x86_64-mingw32/bin/../lib/gcc/nios2-elf/4.9.1/../../../../../H-x86_64-mingw32/nios2-elf/lib\libsmallc.a(lib_a-memcmp.o)
                                        0x189 (size before relaxing)
 .debug_str     0x0000000000001571       0x55 c:/altera/15.0/nios2eds/bin/gnu/h-x86_64-mingw32/bin/../lib/gcc/nios2-elf/4.9.1/../../../../../H-x86_64-mingw32/nios2-elf/lib\libsmallc.a(lib_a-__call_atexit.o)
                                        0x487 (size before relaxing)
 .debug_str     0x00000000000015c6       0x2a ../sensor_interface_bsp/\libhal_bsp.a(alt_exit.o)
                                        0x13f (size before relaxing)

.debug_loc      0x0000000000000000      0xfb8
 *(.debug_loc)
 .debug_loc     0x0000000000000000       0xc6 c:/altera/15.0/nios2eds/bin/gnu/h-x86_64-mingw32/bin/../lib/gcc/nios2-elf/4.9.1/../../../../../H-x86_64-mingw32/nios2-elf/lib\libsmallc.a(lib_a-printf.o)
 .debug_loc     0x00000000000000c6      0x948 c:/altera/15.0/nios2eds/bin/gnu/h-x86_64-mingw32/bin/../lib/gcc/nios2-elf/4.9.1/../../../../../H-x86_64-mingw32/nios2-elf/lib\libsmallc.a(lib_a-vfprintf.o)
 .debug_loc     0x0000000000000a0e       0xbd c:/altera/15.0/nios2eds/bin/gnu/h-x86_64-mingw32/bin/../lib/gcc/nios2-elf/4.9.1/../../../../../H-x86_64-mingw32/nios2-elf/lib\libsmallc.a(lib_a-fvwrite_small_dev.o)
 .debug_loc     0x0000000000000acb       0x1e c:/altera/15.0/nios2eds/bin/gnu/h-x86_64-mingw32/bin/../lib/gcc/nios2-elf/4.9.1/../../../../../H-x86_64-mingw32/nios2-elf/lib\libsmallc.a(lib_a-strlen.o)
 .debug_loc     0x0000000000000ae9       0xa5 c:/altera/15.0/nios2eds/bin/gnu/h-x86_64-mingw32/bin/../lib/gcc/nios2-elf/4.9.1/../../../../../H-x86_64-mingw32/nios2-elf/lib\libsmallc.a(lib_a-writer.o)
 .debug_loc     0x0000000000000b8e      0x273 c:/altera/15.0/nios2eds/bin/gnu/h-x86_64-mingw32/bin/../lib/gcc/nios2-elf/4.9.1\libgcc.a(lib2-divmod.o)
 .debug_loc     0x0000000000000e01       0x1e c:/altera/15.0/nios2eds/bin/gnu/h-x86_64-mingw32/bin/../lib/gcc/nios2-elf/4.9.1/../../../../../H-x86_64-mingw32/nios2-elf/lib\libsmallc.a(lib_a-exit.o)
 .debug_loc     0x0000000000000e1f       0x94 c:/altera/15.0/nios2eds/bin/gnu/h-x86_64-mingw32/bin/../lib/gcc/nios2-elf/4.9.1/../../../../../H-x86_64-mingw32/nios2-elf/lib\libsmallc.a(lib_a-memcmp.o)
 .debug_loc     0x0000000000000eb3      0x105 c:/altera/15.0/nios2eds/bin/gnu/h-x86_64-mingw32/bin/../lib/gcc/nios2-elf/4.9.1/../../../../../H-x86_64-mingw32/nios2-elf/lib\libsmallc.a(lib_a-__call_atexit.o)

.debug_macinfo
 *(.debug_macinfo)

.debug_weaknames
 *(.debug_weaknames)

.debug_funcnames
 *(.debug_funcnames)

.debug_typenames
 *(.debug_typenames)

.debug_varnames
 *(.debug_varnames)

.debug_alt_sim_info
                0x0000000000000000       0x50
 *(.debug_alt_sim_info)
 .debug_alt_sim_info
                0x0000000000000000       0x20 ../sensor_interface_bsp//obj/HAL/src/crt0.o
 .debug_alt_sim_info
                0x0000000000000020       0x30 ../sensor_interface_bsp/\libhal_bsp.a(alt_busy_sleep.o)
                0x000000000001a410                __alt_data_end = 0x1a410
                0x000000000001a410                PROVIDE (__alt_stack_pointer, __alt_data_end)
                0x00000000000125f8                PROVIDE (__alt_stack_limit, __alt_stack_base)
                0x00000000000125f8                PROVIDE (__alt_heap_start, end)
                0x000000000001a410                PROVIDE (__alt_heap_limit, 0x1a410)
OUTPUT(sensor_interface.elf elf32-littlenios2)

.debug_ranges   0x0000000000000000       0xf0
 .debug_ranges  0x0000000000000000       0x20 ../sensor_interface_bsp//obj/HAL/src/crt0.o
 .debug_ranges  0x0000000000000020       0xb8 c:/altera/15.0/nios2eds/bin/gnu/h-x86_64-mingw32/bin/../lib/gcc/nios2-elf/4.9.1/../../../../../H-x86_64-mingw32/nios2-elf/lib\libsmallc.a(lib_a-vfprintf.o)
 .debug_ranges  0x00000000000000d8       0x18 c:/altera/15.0/nios2eds/bin/gnu/h-x86_64-mingw32/bin/../lib/gcc/nios2-elf/4.9.1/../../../../../H-x86_64-mingw32/nios2-elf/lib\libsmallc.a(lib_a-fvwrite_small_dev.o)
